AR d_ff behavioral "C:/Documents and Settings/s169s4b1/Desktop/FINAL/D_FF.vhd" sub00/vhpl04 1243989426
AR alarmfsm alarmfsm_d_struct "C:/Documents and Settings/s169s4b1/Desktop/FINAL/AlarmFSM_D_Struct.vhd" sub00/vhpl01 1243989436
EN procedure4 NULL "C:/Documents and Settings/s169s4b1/Desktop/Experiment7/Procedure4.vhd" sub00/vhpl11 1243989433
AR comparator2bit behavioral "C:/Documents and Settings/s169s4b1/Desktop/Experiment7/Comparator2Bit.vhd" sub00/vhpl06 1243989428
AR bcdto7 behavioral "C:/Documents and Settings/s169s4b1/Desktop/FINAL/BCDto7.vhd" sub00/vhpl10 1243989432
EN d_ff NULL "C:/Documents and Settings/s169s4b1/Desktop/FINAL/D_FF.vhd" sub00/vhpl03 1243989425
AR topunit behavioral "C:/Documents and Settings/s169s4b1/Desktop/Lab9A/TopUnit.vhd" sub00/vhpl13 1243989438
EN bcdto7 NULL "C:/Documents and Settings/s169s4b1/Desktop/FINAL/BCDto7.vhd" sub00/vhpl09 1243989431
EN topunit NULL "C:/Documents and Settings/s169s4b1/Desktop/Lab9A/TopUnit.vhd" sub00/vhpl02 1243989437
EN alarmfsm NULL "C:/Documents and Settings/s169s4b1/Desktop/FINAL/AlarmFSM_D_Struct.vhd" sub00/vhpl00 1243989435
EN encoder NULL "C:/Documents and Settings/s169s4b1/Desktop/Experiment6/Exp6/encoder.vhd" sub00/vhpl07 1243989429
AR encoder behavioral "C:/Documents and Settings/s169s4b1/Desktop/Experiment6/Exp6/encoder.vhd" sub00/vhpl08 1243989430
EN comparator2bit NULL "C:/Documents and Settings/s169s4b1/Desktop/Experiment7/Comparator2Bit.vhd" sub00/vhpl05 1243989427
AR procedure4 behavioral "C:/Documents and Settings/s169s4b1/Desktop/Experiment7/Procedure4.vhd" sub00/vhpl12 1243989434
