--------------------------------------------------------------------------------
Release 9.1.03i Trace 
Copyright (c) 1995-2007 Xilinx, Inc.  All rights reserved.

C:\Xilinx\ISE91\bin\nt\trce.exe -ise
C:/Documents and Settings/s169s4b1/Desktop/Lab9A/Lab9A.ise -intstyle ise -e 3
-s 4 -xml TopUnit TopUnit.ncd -o TopUnit.twr TopUnit.pcf -ucf finalpins.ucf

Design file:              topunit.ncd
Physical constraint file: topunit.pcf
Device,package,speed:     xc3s500e,fg320,-4 (PRODUCTION 1.26 2006-10-19)
Report level:             error report

Environment Variable      Effect 
--------------------      ------ 
NONE                      No environment variables were set
--------------------------------------------------------------------------------

INFO:Timing:2698 - No timing constraints found, doing default enumeration.
INFO:Timing:2752 - To get complete path coverage, use the unconstrained paths 
   option. All paths that are not constrained will be reported in the 
   unconstrained paths section(s) of the report.
INFO:Timing:3339 - The clock-to-out numbers in this timing report are based on 
   a 50 Ohm transmission line loading model.  For the details of this model, 
   and for more information on accounting for different loading conditions, 
   please see the device datasheet.



Data Sheet report:
-----------------
All values displayed in nanoseconds (ns)

Setup/Hold to clock MCLK
------------+------------+------------+------------------+--------+
            |  Setup to  |  Hold to   |                  | Clock  |
Source      | clk (edge) | clk (edge) |Internal Clock(s) | Phase  |
------------+------------+------------+------------------+--------+
Btns<0>     |    3.267(R)|   -0.387(R)|MCLK_BUFGP        |   0.000|
Btns<1>     |    3.232(R)|   -0.359(R)|MCLK_BUFGP        |   0.000|
Btns<2>     |    2.560(R)|    0.179(R)|MCLK_BUFGP        |   0.000|
Btns<3>     |    2.503(R)|    0.224(R)|MCLK_BUFGP        |   0.000|
UserCode<0> |    2.597(R)|   -0.102(R)|MCLK_BUFGP        |   0.000|
UserCode<1> |    3.153(R)|   -0.547(R)|MCLK_BUFGP        |   0.000|
UserCode<2> |    3.122(R)|   -0.522(R)|MCLK_BUFGP        |   0.000|
UserCode<3> |    3.360(R)|   -0.712(R)|MCLK_BUFGP        |   0.000|
------------+------------+------------+------------------+--------+

Clock MCLK to Pad
------------+------------+------------------+--------+
            | clk (edge) |                  | Clock  |
Destination |   to PAD   |Internal Clock(s) | Phase  |
------------+------------+------------------+--------+
ALARM       |   12.214(R)|MCLK_BUFGP        |   0.000|
SYS_ARMED   |   10.025(R)|MCLK_BUFGP        |   0.000|
------------+------------+------------------+--------+

Clock to Setup on destination clock MCLK
---------------+---------+---------+---------+---------+
               | Src:Rise| Src:Fall| Src:Rise| Src:Fall|
Source Clock   |Dest:Rise|Dest:Rise|Dest:Fall|Dest:Fall|
---------------+---------+---------+---------+---------+
MCLK           |    3.375|         |         |         |
---------------+---------+---------+---------+---------+

Pad to Pad
---------------+---------------+---------+
Source Pad     |Destination Pad|  Delay  |
---------------+---------------+---------+
Btns<0>        |Cs<1>          |    8.283|
Btns<0>        |Cs<2>          |    7.392|
Btns<0>        |Cs<3>          |    7.654|
Btns<0>        |Cs<6>          |    8.367|
Btns<1>        |Cs<0>          |    8.256|
Btns<1>        |Cs<1>          |    8.393|
Btns<1>        |Cs<2>          |    7.304|
Btns<1>        |Cs<3>          |    7.721|
Btns<1>        |Cs<4>          |    8.344|
Btns<1>        |Cs<6>          |    8.434|
Btns<2>        |Cs<0>          |    7.360|
Btns<2>        |Cs<1>          |    7.674|
Btns<2>        |Cs<2>          |    6.810|
Btns<2>        |Cs<3>          |    6.893|
Btns<2>        |Cs<4>          |    7.453|
Btns<2>        |Cs<6>          |    7.606|
Btns<3>        |Cs<0>          |    6.849|
Btns<3>        |Cs<1>          |    7.535|
Btns<3>        |Cs<2>          |    6.606|
Btns<3>        |Cs<3>          |    6.699|
Btns<3>        |Cs<4>          |    6.877|
Btns<3>        |Cs<6>          |    7.412|
---------------+---------------+---------+


Analysis completed Tue Jun 02 17:38:05 2009 
--------------------------------------------------------------------------------

Trace Settings:
-------------------------
Trace Settings 

Peak Memory Usage: 109 MB



