EN exp6 NULL E:/CPE169/Experiment6/Exp6/Exp6.vhd sub00/vhpl00 1242259266
AR exp6 behavioral E:/CPE169/Experiment6/Exp6/Exp6.vhd sub00/vhpl01 1242259267
EN encoder NULL E:/CPE169/Experiment6/Exp6/encoder.vhd sub00/vhpl02 1242263175
AR final behavioral E:/CPE169/Experiment6/Exp6/final.vhd sub00/vhpl05 1242265940
EN final NULL E:/CPE169/Experiment6/Exp6/final.vhd sub00/vhpl04 1242265939
AR encoder behavioral E:/CPE169/Experiment6/Exp6/encoder.vhd sub00/vhpl03 1242263176
