--------------------------------------------------------------------------------
Release 9.1.03i Trace 
Copyright (c) 1995-2007 Xilinx, Inc.  All rights reserved.

C:\Xilinx\ISE91\bin\nt\trce.exe -ise
C:/Documents and Settings/s169s4b1/Desktop/Experiment7/Experiment7.ise
-intstyle ise -e 3 -s 4 -xml Procedure4 Procedure4.ncd -o Procedure4.twr
Procedure4.pcf -ucf finalprocedure3.ucf

Design file:              procedure4.ncd
Physical constraint file: procedure4.pcf
Device,package,speed:     xc3s500e,fg320,-4 (PRODUCTION 1.26 2006-10-19)
Report level:             error report

Environment Variable      Effect 
--------------------      ------ 
NONE                      No environment variables were set
--------------------------------------------------------------------------------

INFO:Timing:2698 - No timing constraints found, doing default enumeration.
INFO:Timing:2752 - To get complete path coverage, use the unconstrained paths 
   option. All paths that are not constrained will be reported in the 
   unconstrained paths section(s) of the report.
INFO:Timing:3339 - The clock-to-out numbers in this timing report are based on 
   a 50 Ohm transmission line loading model.  For the details of this model, 
   and for more information on accounting for different loading conditions, 
   please see the device datasheet.



Data Sheet report:
-----------------
All values displayed in nanoseconds (ns)

Pad to Pad
---------------+---------------+---------+
Source Pad     |Destination Pad|  Delay  |
---------------+---------------+---------+
A<0>           |A_equals_B     |   10.257|
A<1>           |A_equals_B     |    9.832|
A<2>           |A_equals_B     |    9.604|
A<3>           |A_equals_B     |   10.045|
B<0>           |A_equals_B     |   11.393|
B<1>           |A_equals_B     |   10.472|
B<2>           |A_equals_B     |   10.717|
B<3>           |A_equals_B     |    9.615|
---------------+---------------+---------+


Analysis completed Wed May 20 17:24:37 2009 
--------------------------------------------------------------------------------

Trace Settings:
-------------------------
Trace Settings 

Peak Memory Usage: 109 MB



